$ flutter --version
Flutter 3.47.6 - channel stable - https://github.com/flutter/flutter.git
Tools - Dart 3.13.5 - DevTools 2.60.0

$ flutter build apk --debug
Running Gradle task 'assembleDebug'...

FAILURE: Build failed with an exception.

* Where:
Settings file '/home/dev/pebble_pine/android/settings.gradle'

* What went wrong:
Could not compile settings file '/home/dev/pebble_pine/android/settings.gradle'.
> startup failed:
  General error during conversion: Unsupported class file major version 65

  java.lang.IllegalArgumentException: Unsupported class file major version 65
        at groovyjarjarasm.asm.ClassReader.<init>(ClassReader.java:199)
        at groovyjarjarasm.asm.ClassReader.<init>(ClassReader.java:180)
        at org.codehaus.groovy.control.CompilationUnit$ISourceUnitOperation.doPhaseOperation(CompilationUnit.java:1112)

* Try:
> Run with --stacktrace option to get the stack trace.
> Run with --info or --debug option to get more log output.
> Run with --scan to get full insights.

* Get more help at https://help.gradle.org

BUILD FAILED in 4s

+-- Flutter Fix ------------------------------------------------------------+
| [!] Your project's Gradle version is incompatible with the Java version   |
| that Flutter is using for Gradle.                                         |
|                                                                           |
| To fix this issue, first, check the Java version used by Flutter by      |
| running `flutter doctor --verbose`.                                       |
|                                                                           |
| Then, update the Gradle version specified in                              |
| /home/dev/pebble_pine/android/gradle/wrapper/gradle-wrapper.properties    |
| to be compatible with that Java version. See the link below for more      |
| information on compatible Java/Gradle versions:                           |
| https://docs.gradle.org/current/userguide/compatibility.html#java         |
+---------------------------------------------------------------------------+
Error: Gradle task assembleDebug failed with exit code 1

$ flutter doctor -v | grep -i java
    - Java binary at: /opt/android-studio/jbr/bin/java
    - Java version OpenJDK Runtime Environment (build 21.0.8+9-b1038.72)
