[0KRunning with gitlab-runner 19.3.1 (5a2c8f3e)[0;m
[0K  on fake-runner-07 Zx81kQe2W, system ID: s_7c1e0d9a2b44[0;m
section_start:1759150300:prepare_executor[0K[0K[36;1mPreparing the "docker" executor[0;m[0;m
[0KUsing Docker executor with image alpine/helm:3.16.1 ...[0;m
[0KPulling docker image alpine/helm:3.16.1 ...[0;m
[0KUsing docker image sha256:4c6d1f0e2a for alpine/helm:3.16.1 with digest alpine/helm@sha256:8e2a91 ...[0;m
section_end:1759150304:prepare_executor[0K
section_start:1759150304:prepare_script[0K[0K[36;1mPreparing environment[0;m[0;m
Running on runner-zx81kqe2w-project-512-concurrent-0 via fake-runner-03...
section_end:1759150305:prepare_script[0K
section_start:1759150305:get_sources[0K[0K[36;1mGetting source from Git repository[0;m[0;m
[32;1mFetching changes with git depth set to 20...[0;m
Initialized empty Git repository in /builds/platform/invoice-api/.git/
[32;1mCreated fresh repository.[0;m
[32;1mChecking out c0ffee12 as detached HEAD (ref is chore/frontend-deps)...[0;m

[32;1mSkipping Git submodules setup[0;m
section_end:1759150307:get_sources[0K
section_start:1759150307:step_script[0K[0K[36;1mExecuting "step_script" stage of the job script[0;m[0;m
[0KUsing docker image sha256:4c6d1f0e2a for alpine/helm:3.16.1 with digest alpine/helm@sha256:8e2a91 ...[0;m
[32;1m$ helm lint charts/invoice-api[0;m
==> Linting charts/invoice-api
[INFO] Chart.yaml: icon is recommended

1 chart(s) linted, 0 chart(s) failed
[32;1m$ helm upgrade --install invoice-api charts/invoice-api -f charts/invoice-api/values-review.yaml --namespace review-frontend-deps[0;m
Error: UPGRADE FAILED: YAML parse error on invoice-api/templates/deployment.yaml: error converting YAML to JSON: yaml: line 31: mapping values are not allowed in this context
helm.go:86: [debug] error converting YAML to JSON: yaml: line 31: mapping values are not allowed in this context
YAML parse error on invoice-api/templates/deployment.yaml
section_end:1759150312:step_script[0K
section_start:1759150312:cleanup_file_variables[0K[0K[36;1mCleaning up project directory and file based variables[0;m[0;m
section_end:1759150313:cleanup_file_variables[0K
[31;1mERROR: Job failed: exit code 1
[0;m
