[0KRunning with gitlab-runner 19.3.1 (5a2c8f3e)[0;m
[0K  on fake-runner-07 Zx81kQe2W, system ID: s_7c1e0d9a2b44[0;m
section_start:1759150000:prepare_executor[0K[0K[36;1mPreparing the "docker" executor[0;m[0;m
[0KUsing Docker executor with image node:22-alpine ...[0;m
[0KPulling docker image node:22-alpine ...[0;m
[0KUsing docker image sha256:4c6d1f0e2a for node:22-alpine with digest node@sha256:8e2a91 ...[0;m
section_end:1759150004:prepare_executor[0K
section_start:1759150004:prepare_script[0K[0K[36;1mPreparing environment[0;m[0;m
Running on runner-zx81kqe2w-project-512-concurrent-0 via fake-runner-03...
section_end:1759150005:prepare_script[0K
section_start:1759150005:get_sources[0K[0K[36;1mGetting source from Git repository[0;m[0;m
[32;1mFetching changes with git depth set to 20...[0;m
Initialized empty Git repository in /builds/platform/invoice-api/.git/
[32;1mCreated fresh repository.[0;m
[32;1mChecking out c0ffee12 as detached HEAD (ref is chore/frontend-deps)...[0;m

[32;1mSkipping Git submodules setup[0;m
section_end:1759150007:get_sources[0K
section_start:1759150007:step_script[0K[0K[36;1mExecuting "step_script" stage of the job script[0;m[0;m
[0KUsing docker image sha256:4c6d1f0e2a for node:22-alpine with digest node@sha256:8e2a91 ...[0;m
[32;1m$ npm ci --no-audit --loglevel=http[0;m
npm http fetch GET 200 https://registry.npmjs.org/fake-pkg-0000 72ms (cache miss)
npm http fetch GET 200 https://registry.npmjs.org/fake-pkg-0001 67ms (cache miss)
npm http fetch GET 200 https://registry.npmjs.org/fake-pkg-0002 214ms (cache miss)
npm http fetch GET 200 https://registry.npmjs.org/fake-pkg-0003 69ms (cache miss)
npm http fetch GET 200 https://registry.npmjs.org/fake-pkg-0004 203ms (cache miss)
npm http fetch GET 200 https://registry.npmjs.org/fake-pkg-0005 196ms (cache miss)
npm http fetch GET 200 https://registry.npmjs.org/fake-pkg-0006 155ms (cache miss)
npm http fetch GET 200 https://registry.npmjs.org/fake-pkg-0007 42ms (cache miss)
npm http fetch GET 200 https://registry.npmjs.org/fake-pkg-0008 255ms (cache miss)
npm http fetch GET 200 https://registry.npmjs.org/fake-pkg-0009 294ms (cache miss)
npm http fetch GET 200 https://registry.npmjs.org/fake-pkg-0010 83ms (cache miss)
npm http fetch GET 200 https://registry.npmjs.org/fake-pkg-0011 213ms (cache miss)
npm http fetch GET 200 https://registry.npmjs.org/fake-pkg-0012 60ms (cache miss)
npm http fetch GET 200 https://registry.npmjs.org/fake-pkg-0013 170ms (cache miss)
npm http fetch GET 200 https://registry.npmjs.org/fake-pkg-0014 205ms (cache miss)
npm http fetch GET 200 https://registry.npmjs.org/fake-pkg-0015 118ms (cache miss)
npm http fetch GET 200 https://registry.npmjs.org/fake-pkg-0016 55ms (cache miss)
npm http fetch GET 200 https://registry.npmjs.org/fake-pkg-0017 43ms (cache miss)
npm http fetch GET 200 https://registry.npmjs.org/fake-pkg-0018 136ms (cache miss)
npm http fetch GET 200 https://registry.npmjs.org/fake-pkg-0019 168ms (cache miss)
npm http fetch GET 200 https://registry.npmjs.org/fake-pkg-0020 60ms (cache miss)
npm http fetch GET 200 https://registry.npmjs.org/fake-pkg-0021 139ms (cache miss)
npm http fetch GET 200 https://registry.npmjs.org/fake-pkg-0022 71ms (cache miss)
npm http fetch GET 200 https://registry.npmjs.org/fake-pkg-0023 214ms (cache miss)
npm http fetch GET 200 https://registry.npmjs.org/fake-pkg-0024 162ms (cache miss)
npm http fetch GET 200 https://registry.npmjs.org/fake-pkg-0025 252ms (cache miss)
npm http fetch GET 200 https://registry.npmjs.org/fake-pkg-0026 206ms (cache miss)
npm http fetch GET 200 https://registry.npmjs.org/fake-pkg-0027 103ms (cache miss)
npm http fetch GET 200 https://registry.npmjs.org/fake-pkg-0028 209ms (cache miss)
npm http fetch GET 200 https://registry.npmjs.org/fake-pkg-0029 201ms (cache miss)
npm http fetch GET 200 https://registry.npmjs.org/fake-pkg-0030 127ms (cache miss)
npm http fetch GET 200 https://registry.npmjs.org/fake-pkg-0031 156ms (cache miss)
npm http fetch GET 200 https://registry.npmjs.org/fake-pkg-0032 56ms (cache miss)
npm http fetch GET 200 https://registry.npmjs.org/fake-pkg-0033 107ms (cache miss)
npm http fetch GET 200 https://registry.npmjs.org/fake-pkg-0034 293ms (cache miss)
npm http fetch GET 200 https://registry.npmjs.org/fake-pkg-0035 145ms (cache miss)
npm http fetch GET 200 https://registry.npmjs.org/fake-pkg-0036 103ms (cache miss)
npm http fetch GET 200 https://registry.npmjs.org/fake-pkg-0037 256ms (cache miss)
npm http fetch GET 200 https://registry.npmjs.org/fake-pkg-0038 214ms (cache miss)
npm http fetch GET 200 https://registry.npmjs.org/fake-pkg-0039 158ms (cache miss)
npm http fetch GET 200 https://registry.npmjs.org/fake-pkg-0040 132ms (cache miss)
npm http fetch GET 200 https://registry.npmjs.org/fake-pkg-0041 186ms (cache miss)
npm http fetch GET 200 https://registry.npmjs.org/fake-pkg-0042 48ms (cache miss)
npm http fetch GET 200 https://registry.npmjs.org/fake-pkg-0043 137ms (cache miss)
npm http fetch GET 200 https://registry.npmjs.org/fake-pkg-0044 36ms (cache miss)
npm http fetch GET 200 https://registry.npmjs.org/fake-pkg-0045 181ms (cache miss)
npm http fetch GET 200 https://registry.npmjs.org/fake-pkg-0046 225ms (cache miss)
npm http fetch GET 200 https://registry.npmjs.org/fake-pkg-0047 157ms (cache miss)
npm http fetch GET 200 https://registry.npmjs.org/fake-pkg-0048 53ms (cache miss)
npm http fetch GET 200 https://registry.npmjs.org/fake-pkg-0049 128ms (cache miss)
npm http fetch GET 200 https://registry.npmjs.org/fake-pkg-0050 181ms (cache miss)
npm http fetch GET 200 https://registry.npmjs.org/fake-pkg-0051 128ms (cache miss)
npm http fetch GET 200 https://registry.npmjs.org/fake-pkg-0052 275ms (cache miss)
npm http fetch GET 200 https://registry.npmjs.org/fake-pkg-0053 222ms (cache miss)
npm http fetch GET 200 https://registry.npmjs.org/fake-pkg-0054 254ms (cache miss)
npm http fetch GET 200 https://registry.npmjs.org/fake-pkg-0055 93ms (cache miss)
npm http fetch GET 200 https://registry.npmjs.org/fake-pkg-0056 155ms (cache miss)
npm http fetch GET 200 https://registry.npmjs.org/fake-pkg-0057 91ms (cache miss)
npm http fetch GET 200 https://registry.npmjs.org/fake-pkg-0058 146ms (cache miss)
npm http fetch GET 200 https://registry.npmjs.org/fake-pkg-0059 295ms (cache miss)
npm http fetch GET 200 https://registry.npmjs.org/fake-pkg-0060 154ms (cache miss)
npm http fetch GET 200 https://registry.npmjs.org/fake-pkg-0061 239ms (cache miss)
npm http fetch GET 200 https://registry.npmjs.org/fake-pkg-0062 224ms (cache miss)
npm http fetch GET 200 https://registry.npmjs.org/fake-pkg-0063 205ms (cache miss)
npm http fetch GET 200 https://registry.npmjs.org/fake-pkg-0064 132ms (cache miss)
npm http fetch GET 200 https://registry.npmjs.org/fake-pkg-0065 90ms (cache miss)
npm http fetch GET 200 https://registry.npmjs.org/fake-pkg-0066 280ms (cache miss)
npm http fetch GET 200 https://registry.npmjs.org/fake-pkg-0067 272ms (cache miss)
npm http fetch GET 200 https://registry.npmjs.org/fake-pkg-0068 66ms (cache miss)
npm http fetch GET 200 https://registry.npmjs.org/fake-pkg-0069 44ms (cache miss)
npm http fetch GET 200 https://registry.npmjs.org/fake-pkg-0070 76ms (cache miss)
npm http fetch GET 200 https://registry.npmjs.org/fake-pkg-0071 98ms (cache miss)
npm http fetch GET 200 https://registry.npmjs.org/fake-pkg-0072 101ms (cache miss)
npm http fetch GET 200 https://registry.npmjs.org/fake-pkg-0073 236ms (cache miss)
npm http fetch GET 200 https://registry.npmjs.org/fake-pkg-0074 52ms (cache miss)
npm http fetch GET 200 https://registry.npmjs.org/fake-pkg-0075 217ms (cache miss)
npm http fetch GET 200 https://registry.npmjs.org/fake-pkg-0076 215ms (cache miss)
npm http fetch GET 200 https://registry.npmjs.org/fake-pkg-0077 259ms (cache miss)
npm http fetch GET 200 https://registry.npmjs.org/fake-pkg-0078 290ms (cache miss)
npm http fetch GET 200 https://registry.npmjs.org/fake-pkg-0079 148ms (cache miss)
npm http fetch GET 200 https://registry.npmjs.org/fake-pkg-0080 25ms (cache miss)
npm http fetch GET 200 https://registry.npmjs.org/fake-pkg-0081 78ms (cache miss)
npm http fetch GET 200 https://registry.npmjs.org/fake-pkg-0082 294ms (cache miss)
npm http fetch GET 200 https://registry.npmjs.org/fake-pkg-0083 156ms (cache miss)
npm http fetch GET 200 https://registry.npmjs.org/fake-pkg-0084 194ms (cache miss)
npm http fetch GET 200 https://registry.npmjs.org/fake-pkg-0085 77ms (cache miss)
npm http fetch GET 200 https://registry.npmjs.org/fake-pkg-0086 170ms (cache miss)
npm http fetch GET 200 https://registry.npmjs.org/fake-pkg-0087 242ms (cache miss)
npm http fetch GET 200 https://registry.npmjs.org/fake-pkg-0088 100ms (cache miss)
npm http fetch GET 200 https://registry.npmjs.org/fake-pkg-0089 252ms (cache miss)
npm http fetch GET 200 https://registry.npmjs.org/fake-pkg-0090 21ms (cache miss)
npm http fetch GET 200 https://registry.npmjs.org/fake-pkg-0091 154ms (cache miss)
npm http fetch GET 200 https://registry.npmjs.org/fake-pkg-0092 276ms (cache miss)
npm http fetch GET 200 https://registry.npmjs.org/fake-pkg-0093 111ms (cache miss)
npm http fetch GET 200 https://registry.npmjs.org/fake-pkg-0094 279ms (cache miss)
npm http fetch GET 200 https://registry.npmjs.org/fake-pkg-0095 74ms (cache miss)
npm http fetch GET 200 https://registry.npmjs.org/fake-pkg-0096 172ms (cache miss)
npm http fetch GET 200 https://registry.npmjs.org/fake-pkg-0097 279ms (cache miss)
npm http fetch GET 200 https://registry.npmjs.org/fake-pkg-0098 121ms (cache miss)
npm http fetch GET 200 https://registry.npmjs.org/fake-pkg-0099 98ms (cache miss)
npm http fetch GET 200 https://registry.npmjs.org/fake-pkg-0100 211ms (cache miss)
npm http fetch GET 200 https://registry.npmjs.org/fake-pkg-0101 102ms (cache miss)
npm http fetch GET 200 https://registry.npmjs.org/fake-pkg-0102 296ms (cache miss)
npm http fetch GET 200 https://registry.npmjs.org/fake-pkg-0103 291ms (cache miss)
npm http fetch GET 200 https://registry.npmjs.org/fake-pkg-0104 20ms (cache miss)
npm http fetch GET 200 https://registry.npmjs.org/fake-pkg-0105 185ms (cache miss)
npm http fetch GET 200 https://registry.npmjs.org/fake-pkg-0106 270ms (cache miss)
npm http fetch GET 200 https://registry.npmjs.org/fake-pkg-0107 29ms (cache miss)
npm http fetch GET 200 https://registry.npmjs.org/fake-pkg-0108 77ms (cache miss)
npm http fetch GET 200 https://registry.npmjs.org/fake-pkg-0109 205ms (cache miss)
npm http fetch GET 200 https://registry.npmjs.org/fake-pkg-0110 177ms (cache miss)
npm http fetch GET 200 https://registry.npmjs.org/fake-pkg-0111 142ms (cache miss)
npm http fetch GET 200 https://registry.npmjs.org/fake-pkg-0112 49ms (cache miss)
npm http fetch GET 200 https://registry.npmjs.org/fake-pkg-0113 143ms (cache miss)
npm http fetch GET 200 https://registry.npmjs.org/fake-pkg-0114 60ms (cache miss)
npm http fetch GET 200 https://registry.npmjs.org/fake-pkg-0115 63ms (cache miss)
npm http fetch GET 200 https://registry.npmjs.org/fake-pkg-0116 268ms (cache miss)
npm http fetch GET 200 https://registry.npmjs.org/fake-pkg-0117 55ms (cache miss)
npm http fetch GET 200 https://registry.npmjs.org/fake-pkg-0118 292ms (cache miss)
npm http fetch GET 200 https://registry.npmjs.org/fake-pkg-0119 84ms (cache miss)
npm http fetch GET 200 https://registry.npmjs.org/fake-pkg-0120 85ms (cache miss)
npm http fetch GET 200 https://registry.npmjs.org/fake-pkg-0121 263ms (cache miss)
npm http fetch GET 200 https://registry.npmjs.org/fake-pkg-0122 104ms (cache miss)
npm http fetch GET 200 https://registry.npmjs.org/fake-pkg-0123 155ms (cache miss)
npm http fetch GET 200 https://registry.npmjs.org/fake-pkg-0124 290ms (cache miss)
npm http fetch GET 200 https://registry.npmjs.org/fake-pkg-0125 236ms (cache miss)
npm http fetch GET 200 https://registry.npmjs.org/fake-pkg-0126 128ms (cache miss)
npm http fetch GET 200 https://registry.npmjs.org/fake-pkg-0127 296ms (cache miss)
npm http fetch GET 200 https://registry.npmjs.org/fake-pkg-0128 122ms (cache miss)
npm http fetch GET 200 https://registry.npmjs.org/fake-pkg-0129 179ms (cache miss)
npm http fetch GET 200 https://registry.npmjs.org/fake-pkg-0130 224ms (cache miss)
npm http fetch GET 200 https://registry.npmjs.org/fake-pkg-0131 211ms (cache miss)
npm http fetch GET 200 https://registry.npmjs.org/fake-pkg-0132 244ms (cache miss)
npm http fetch GET 200 https://registry.npmjs.org/fake-pkg-0133 284ms (cache miss)
npm http fetch GET 200 https://registry.npmjs.org/fake-pkg-0134 251ms (cache miss)
npm http fetch GET 200 https://registry.npmjs.org/fake-pkg-0135 81ms (cache miss)
npm http fetch GET 200 https://registry.npmjs.org/fake-pkg-0136 146ms (cache miss)
npm http fetch GET 200 https://registry.npmjs.org/fake-pkg-0137 135ms (cache miss)
npm http fetch GET 200 https://registry.npmjs.org/fake-pkg-0138 52ms (cache miss)
npm http fetch GET 200 https://registry.npmjs.org/fake-pkg-0139 193ms (cache miss)
npm http fetch GET 200 https://registry.npmjs.org/fake-pkg-0140 30ms (cache miss)
npm http fetch GET 200 https://registry.npmjs.org/fake-pkg-0141 137ms (cache miss)
npm http fetch GET 200 https://registry.npmjs.org/fake-pkg-0142 132ms (cache miss)
npm http fetch GET 200 https://registry.npmjs.org/fake-pkg-0143 23ms (cache miss)
npm http fetch GET 200 https://registry.npmjs.org/fake-pkg-0144 56ms (cache miss)
npm http fetch GET 200 https://registry.npmjs.org/fake-pkg-0145 50ms (cache miss)
npm http fetch GET 200 https://registry.npmjs.org/fake-pkg-0146 137ms (cache miss)
npm http fetch GET 200 https://registry.npmjs.org/fake-pkg-0147 54ms (cache miss)
npm http fetch GET 200 https://registry.npmjs.org/fake-pkg-0148 36ms (cache miss)
npm http fetch GET 200 https://registry.npmjs.org/fake-pkg-0149 189ms (cache miss)
npm http fetch GET 200 https://registry.npmjs.org/fake-pkg-0150 56ms (cache miss)
npm http fetch GET 200 https://registry.npmjs.org/fake-pkg-0151 283ms (cache miss)
npm http fetch GET 200 https://registry.npmjs.org/fake-pkg-0152 141ms (cache miss)
npm http fetch GET 200 https://registry.npmjs.org/fake-pkg-0153 162ms (cache miss)
npm http fetch GET 200 https://registry.npmjs.org/fake-pkg-0154 268ms (cache miss)
npm http fetch GET 200 https://registry.npmjs.org/fake-pkg-0155 129ms (cache miss)
npm http fetch GET 200 https://registry.npmjs.org/fake-pkg-0156 296ms (cache miss)
npm http fetch GET 200 https://registry.npmjs.org/fake-pkg-0157 87ms (cache miss)
npm http fetch GET 200 https://registry.npmjs.org/fake-pkg-0158 262ms (cache miss)
npm http fetch GET 200 https://registry.npmjs.org/fake-pkg-0159 144ms (cache miss)
npm http fetch GET 200 https://registry.npmjs.org/fake-pkg-0160 262ms (cache miss)
npm http fetch GET 200 https://registry.npmjs.org/fake-pkg-0161 228ms (cache miss)
npm http fetch GET 200 https://registry.npmjs.org/fake-pkg-0162 117ms (cache miss)
npm http fetch GET 200 https://registry.npmjs.org/fake-pkg-0163 68ms (cache miss)
npm http fetch GET 200 https://registry.npmjs.org/fake-pkg-0164 69ms (cache miss)
npm http fetch GET 200 https://registry.npmjs.org/fake-pkg-0165 240ms (cache miss)
npm http fetch GET 200 https://registry.npmjs.org/fake-pkg-0166 201ms (cache miss)
npm http fetch GET 200 https://registry.npmjs.org/fake-pkg-0167 236ms (cache miss)
npm http fetch GET 200 https://registry.npmjs.org/fake-pkg-0168 230ms (cache miss)
npm http fetch GET 200 https://registry.npmjs.org/fake-pkg-0169 259ms (cache miss)
npm http fetch GET 200 https://registry.npmjs.org/fake-pkg-0170 47ms (cache miss)
npm http fetch GET 200 https://registry.npmjs.org/fake-pkg-0171 70ms (cache miss)
npm http fetch GET 200 https://registry.npmjs.org/fake-pkg-0172 51ms (cache miss)
npm http fetch GET 200 https://registry.npmjs.org/fake-pkg-0173 226ms (cache miss)
npm http fetch GET 200 https://registry.npmjs.org/fake-pkg-0174 193ms (cache miss)
npm http fetch GET 200 https://registry.npmjs.org/fake-pkg-0175 75ms (cache miss)
npm http fetch GET 200 https://registry.npmjs.org/fake-pkg-0176 147ms (cache miss)
npm http fetch GET 200 https://registry.npmjs.org/fake-pkg-0177 118ms (cache miss)
npm http fetch GET 200 https://registry.npmjs.org/fake-pkg-0178 117ms (cache miss)
npm http fetch GET 200 https://registry.npmjs.org/fake-pkg-0179 294ms (cache miss)
npm http fetch GET 200 https://registry.npmjs.org/fake-pkg-0180 249ms (cache miss)
npm http fetch GET 200 https://registry.npmjs.org/fake-pkg-0181 91ms (cache miss)
npm http fetch GET 200 https://registry.npmjs.org/fake-pkg-0182 236ms (cache miss)
npm http fetch GET 200 https://registry.npmjs.org/fake-pkg-0183 113ms (cache miss)
npm http fetch GET 200 https://registry.npmjs.org/fake-pkg-0184 162ms (cache miss)
npm http fetch GET 200 https://registry.npmjs.org/fake-pkg-0185 256ms (cache miss)
npm http fetch GET 200 https://registry.npmjs.org/fake-pkg-0186 147ms (cache miss)
npm http fetch GET 200 https://registry.npmjs.org/fake-pkg-0187 58ms (cache miss)
npm http fetch GET 200 https://registry.npmjs.org/fake-pkg-0188 246ms (cache miss)
npm http fetch GET 200 https://registry.npmjs.org/fake-pkg-0189 70ms (cache miss)
npm http fetch GET 200 https://registry.npmjs.org/fake-pkg-0190 45ms (cache miss)
npm http fetch GET 200 https://registry.npmjs.org/fake-pkg-0191 296ms (cache miss)
npm http fetch GET 200 https://registry.npmjs.org/fake-pkg-0192 27ms (cache miss)
npm http fetch GET 200 https://registry.npmjs.org/fake-pkg-0193 67ms (cache miss)
npm http fetch GET 200 https://registry.npmjs.org/fake-pkg-0194 141ms (cache miss)
npm http fetch GET 200 https://registry.npmjs.org/fake-pkg-0195 105ms (cache miss)
npm http fetch GET 200 https://registry.npmjs.org/fake-pkg-0196 228ms (cache miss)
npm http fetch GET 200 https://registry.npmjs.org/fake-pkg-0197 268ms (cache miss)
npm http fetch GET 200 https://registry.npmjs.org/fake-pkg-0198 266ms (cache miss)
npm http fetch GET 200 https://registry.npmjs.org/fake-pkg-0199 129ms (cache miss)
npm http fetch GET 200 https://registry.npmjs.org/fake-pkg-0200 225ms (cache miss)
npm http fetch GET 200 https://registry.npmjs.org/fake-pkg-0201 50ms (cache miss)
npm http fetch GET 200 https://registry.npmjs.org/fake-pkg-0202 104ms (cache miss)
npm http fetch GET 200 https://registry.npmjs.org/fake-pkg-0203 214ms (cache miss)
npm http fetch GET 200 https://registry.npmjs.org/fake-pkg-0204 21ms (cache miss)
npm http fetch GET 200 https://registry.npmjs.org/fake-pkg-0205 219ms (cache miss)
npm http fetch GET 200 https://registry.npmjs.org/fake-pkg-0206 155ms (cache miss)
npm http fetch GET 200 https://registry.npmjs.org/fake-pkg-0207 252ms (cache miss)
npm http fetch GET 200 https://registry.npmjs.org/fake-pkg-0208 166ms (cache miss)
npm http fetch GET 200 https://registry.npmjs.org/fake-pkg-0209 236ms (cache miss)
npm http fetch GET 200 https://registry.npmjs.org/fake-pkg-0210 269ms (cache miss)
npm http fetch GET 200 https://registry.npmjs.org/fake-pkg-0211 99ms (cache miss)
npm http fetch GET 200 https://registry.npmjs.org/fake-pkg-0212 117ms (cache miss)
npm http fetch GET 200 https://registry.npmjs.org/fake-pkg-0213 171ms (cache miss)
npm http fetch GET 200 https://registry.npmjs.org/fake-pkg-0214 131ms (cache miss)
npm http fetch GET 200 https://registry.npmjs.org/fake-pkg-0215 49ms (cache miss)
npm http fetch GET 200 https://registry.npmjs.org/fake-pkg-0216 297ms (cache miss)
npm http fetch GET 200 https://registry.npmjs.org/fake-pkg-0217 51ms (cache miss)
npm http fetch GET 200 https://registry.npmjs.org/fake-pkg-0218 180ms (cache miss)
npm http fetch GET 200 https://registry.npmjs.org/fake-pkg-0219 49ms (cache miss)
npm http fetch GET 200 https://registry.npmjs.org/fake-pkg-0220 45ms (cache miss)
npm http fetch GET 200 https://registry.npmjs.org/fake-pkg-0221 264ms (cache miss)
npm http fetch GET 200 https://registry.npmjs.org/fake-pkg-0222 277ms (cache miss)
npm http fetch GET 200 https://registry.npmjs.org/fake-pkg-0223 291ms (cache miss)
npm http fetch GET 200 https://registry.npmjs.org/fake-pkg-0224 100ms (cache miss)
npm http fetch GET 200 https://registry.npmjs.org/fake-pkg-0225 49ms (cache miss)
npm http fetch GET 200 https://registry.npmjs.org/fake-pkg-0226 280ms (cache miss)
npm http fetch GET 200 https://registry.npmjs.org/fake-pkg-0227 61ms (cache miss)
npm http fetch GET 200 https://registry.npmjs.org/fake-pkg-0228 115ms (cache miss)
npm http fetch GET 200 https://registry.npmjs.org/fake-pkg-0229 55ms (cache miss)
npm http fetch GET 200 https://registry.npmjs.org/fake-pkg-0230 54ms (cache miss)
npm http fetch GET 200 https://registry.npmjs.org/fake-pkg-0231 140ms (cache miss)
npm http fetch GET 200 https://registry.npmjs.org/fake-pkg-0232 226ms (cache miss)
npm http fetch GET 200 https://registry.npmjs.org/fake-pkg-0233 81ms (cache miss)
npm http fetch GET 200 https://registry.npmjs.org/fake-pkg-0234 146ms (cache miss)
npm http fetch GET 200 https://registry.npmjs.org/fake-pkg-0235 40ms (cache miss)
npm http fetch GET 200 https://registry.npmjs.org/fake-pkg-0236 61ms (cache miss)
npm http fetch GET 200 https://registry.npmjs.org/fake-pkg-0237 234ms (cache miss)
npm http fetch GET 200 https://registry.npmjs.org/fake-pkg-0238 287ms (cache miss)
npm http fetch GET 200 https://registry.npmjs.org/fake-pkg-0239 181ms (cache miss)
npm http fetch GET 200 https://registry.npmjs.org/fake-pkg-0240 153ms (cache miss)
npm http fetch GET 200 https://registry.npmjs.org/fake-pkg-0241 124ms (cache miss)
npm http fetch GET 200 https://registry.npmjs.org/fake-pkg-0242 180ms (cache miss)
npm http fetch GET 200 https://registry.npmjs.org/fake-pkg-0243 142ms (cache miss)
npm http fetch GET 200 https://registry.npmjs.org/fake-pkg-0244 155ms (cache miss)
npm http fetch GET 200 https://registry.npmjs.org/fake-pkg-0245 222ms (cache miss)
npm http fetch GET 200 https://registry.npmjs.org/fake-pkg-0246 87ms (cache miss)
npm http fetch GET 200 https://registry.npmjs.org/fake-pkg-0247 173ms (cache miss)
npm http fetch GET 200 https://registry.npmjs.org/fake-pkg-0248 254ms (cache miss)
npm http fetch GET 200 https://registry.npmjs.org/fake-pkg-0249 181ms (cache miss)
npm http fetch GET 200 https://registry.npmjs.org/fake-pkg-0250 57ms (cache miss)
npm http fetch GET 200 https://registry.npmjs.org/fake-pkg-0251 24ms (cache miss)
npm http fetch GET 200 https://registry.npmjs.org/fake-pkg-0252 254ms (cache miss)
npm http fetch GET 200 https://registry.npmjs.org/fake-pkg-0253 71ms (cache miss)
npm http fetch GET 200 https://registry.npmjs.org/fake-pkg-0254 57ms (cache miss)
npm http fetch GET 200 https://registry.npmjs.org/fake-pkg-0255 295ms (cache miss)
npm http fetch GET 200 https://registry.npmjs.org/fake-pkg-0256 129ms (cache miss)
npm http fetch GET 200 https://registry.npmjs.org/fake-pkg-0257 279ms (cache miss)
npm http fetch GET 200 https://registry.npmjs.org/fake-pkg-0258 155ms (cache miss)
npm http fetch GET 200 https://registry.npmjs.org/fake-pkg-0259 87ms (cache miss)
npm http fetch GET 200 https://registry.npmjs.org/fake-pkg-0260 198ms (cache miss)
npm http fetch GET 200 https://registry.npmjs.org/fake-pkg-0261 55ms (cache miss)
npm http fetch GET 200 https://registry.npmjs.org/fake-pkg-0262 145ms (cache miss)
npm http fetch GET 200 https://registry.npmjs.org/fake-pkg-0263 209ms (cache miss)
npm http fetch GET 200 https://registry.npmjs.org/fake-pkg-0264 165ms (cache miss)
npm http fetch GET 200 https://registry.npmjs.org/fake-pkg-0265 100ms (cache miss)
npm http fetch GET 200 https://registry.npmjs.org/fake-pkg-0266 244ms (cache miss)
npm http fetch GET 200 https://registry.npmjs.org/fake-pkg-0267 298ms (cache miss)
npm http fetch GET 200 https://registry.npmjs.org/fake-pkg-0268 174ms (cache miss)
npm http fetch GET 200 https://registry.npmjs.org/fake-pkg-0269 290ms (cache miss)
npm http fetch GET 200 https://registry.npmjs.org/fake-pkg-0270 24ms (cache miss)
npm http fetch GET 200 https://registry.npmjs.org/fake-pkg-0271 173ms (cache miss)
npm http fetch GET 200 https://registry.npmjs.org/fake-pkg-0272 73ms (cache miss)
npm http fetch GET 200 https://registry.npmjs.org/fake-pkg-0273 88ms (cache miss)
npm http fetch GET 200 https://registry.npmjs.org/fake-pkg-0274 155ms (cache miss)
npm http fetch GET 200 https://registry.npmjs.org/fake-pkg-0275 79ms (cache miss)
npm http fetch GET 200 https://registry.npmjs.org/fake-pkg-0276 74ms (cache miss)
npm http fetch GET 200 https://registry.npmjs.org/fake-pkg-0277 99ms (cache miss)
npm http fetch GET 200 https://registry.npmjs.org/fake-pkg-0278 159ms (cache miss)
npm http fetch GET 200 https://registry.npmjs.org/fake-pkg-0279 164ms (cache miss)
npm http fetch GET 200 https://registry.npmjs.org/fake-pkg-0280 127ms (cache miss)
npm http fetch GET 200 https://registry.npmjs.org/fake-pkg-0281 195ms (cache miss)
npm http fetch GET 200 https://registry.npmjs.org/fake-pkg-0282 124ms (cache miss)
npm http fetch GET 200 https://registry.npmjs.org/fake-pkg-0283 155ms (cache miss)
npm http fetch GET 200 https://registry.npmjs.org/fake-pkg-0284 278ms (cache miss)
npm http fetch GET 200 https://registry.npmjs.org/fake-pkg-0285 270ms (cache miss)
npm http fetch GET 200 https://registry.npmjs.org/fake-pkg-0286 148ms (cache miss)
npm http fetch GET 200 https://registry.npmjs.org/fake-pkg-0287 46ms (cache miss)
npm http fetch GET 200 https://registry.npmjs.org/fake-pkg-0288 67ms (cache miss)
npm http fetch GET 200 https://registry.npmjs.org/fake-pkg-0289 236ms (cache miss)
npm http fetch GET 200 https://registry.npmjs.org/fake-pkg-0290 161ms (cache miss)
npm http fetch GET 200 https://registry.npmjs.org/fake-pkg-0291 42ms (cache miss)
npm http fetch GET 200 https://registry.npmjs.org/fake-pkg-0292 21ms (cache miss)
npm http fetch GET 200 https://registry.npmjs.org/fake-pkg-0293 190ms (cache miss)
npm http fetch GET 200 https://registry.npmjs.org/fake-pkg-0294 86ms (cache miss)
npm http fetch GET 200 https://registry.npmjs.org/fake-pkg-0295 154ms (cache miss)
npm http fetch GET 200 https://registry.npmjs.org/fake-pkg-0296 102ms (cache miss)
npm http fetch GET 200 https://registry.npmjs.org/fake-pkg-0297 246ms (cache miss)
npm http fetch GET 200 https://registry.npmjs.org/fake-pkg-0298 238ms (cache miss)
npm http fetch GET 200 https://registry.npmjs.org/fake-pkg-0299 24ms (cache miss)
npm http fetch GET 200 https://registry.npmjs.org/fake-pkg-0300 77ms (cache miss)
npm http fetch GET 200 https://registry.npmjs.org/fake-pkg-0301 58ms (cache miss)
npm http fetch GET 200 https://registry.npmjs.org/fake-pkg-0302 96ms (cache miss)
npm http fetch GET 200 https://registry.npmjs.org/fake-pkg-0303 299ms (cache miss)
npm http fetch GET 200 https://registry.npmjs.org/fake-pkg-0304 38ms (cache miss)
npm http fetch GET 200 https://registry.npmjs.org/fake-pkg-0305 209ms (cache miss)
npm http fetch GET 200 https://registry.npmjs.org/fake-pkg-0306 95ms (cache miss)
npm http fetch GET 200 https://registry.npmjs.org/fake-pkg-0307 240ms (cache miss)
npm http fetch GET 200 https://registry.npmjs.org/fake-pkg-0308 85ms (cache miss)
npm http fetch GET 200 https://registry.npmjs.org/fake-pkg-0309 41ms (cache miss)
npm http fetch GET 200 https://registry.npmjs.org/fake-pkg-0310 177ms (cache miss)
npm http fetch GET 200 https://registry.npmjs.org/fake-pkg-0311 206ms (cache miss)
npm http fetch GET 200 https://registry.npmjs.org/fake-pkg-0312 40ms (cache miss)
npm http fetch GET 200 https://registry.npmjs.org/fake-pkg-0313 203ms (cache miss)
npm http fetch GET 200 https://registry.npmjs.org/fake-pkg-0314 127ms (cache miss)
npm http fetch GET 200 https://registry.npmjs.org/fake-pkg-0315 147ms (cache miss)
npm http fetch GET 200 https://registry.npmjs.org/fake-pkg-0316 72ms (cache miss)
npm http fetch GET 200 https://registry.npmjs.org/fake-pkg-0317 201ms (cache miss)
npm http fetch GET 200 https://registry.npmjs.org/fake-pkg-0318 228ms (cache miss)
npm http fetch GET 200 https://registry.npmjs.org/fake-pkg-0319 99ms (cache miss)
npm http fetch GET 200 https://registry.npmjs.org/fake-pkg-0320 141ms (cache miss)
npm http fetch GET 200 https://registry.npmjs.org/fake-pkg-0321 103ms (cache miss)
npm http fetch GET 200 https://registry.npmjs.org/fake-pkg-0322 110ms (cache miss)
npm http fetch GET 200 https://registry.npmjs.org/fake-pkg-0323 231ms (cache miss)
npm http fetch GET 200 https://registry.npmjs.org/fake-pkg-0324 32ms (cache miss)
npm http fetch GET 200 https://registry.npmjs.org/fake-pkg-0325 111ms (cache miss)
npm http fetch GET 200 https://registry.npmjs.org/fake-pkg-0326 190ms (cache miss)
npm http fetch GET 200 https://registry.npmjs.org/fake-pkg-0327 230ms (cache miss)
npm http fetch GET 200 https://registry.npmjs.org/fake-pkg-0328 147ms (cache miss)
npm http fetch GET 200 https://registry.npmjs.org/fake-pkg-0329 156ms (cache miss)
npm http fetch GET 200 https://registry.npmjs.org/fake-pkg-0330 101ms (cache miss)
npm http fetch GET 200 https://registry.npmjs.org/fake-pkg-0331 75ms (cache miss)
npm http fetch GET 200 https://registry.npmjs.org/fake-pkg-0332 215ms (cache miss)
npm http fetch GET 200 https://registry.npmjs.org/fake-pkg-0333 39ms (cache miss)
npm http fetch GET 200 https://registry.npmjs.org/fake-pkg-0334 260ms (cache miss)
npm http fetch GET 200 https://registry.npmjs.org/fake-pkg-0335 133ms (cache miss)
npm http fetch GET 200 https://registry.npmjs.org/fake-pkg-0336 122ms (cache miss)
npm http fetch GET 200 https://registry.npmjs.org/fake-pkg-0337 255ms (cache miss)
npm http fetch GET 200 https://registry.npmjs.org/fake-pkg-0338 199ms (cache miss)
npm http fetch GET 200 https://registry.npmjs.org/fake-pkg-0339 176ms (cache miss)
npm http fetch GET 200 https://registry.npmjs.org/fake-pkg-0340 136ms (cache miss)
npm http fetch GET 200 https://registry.npmjs.org/fake-pkg-0341 134ms (cache miss)
npm http fetch GET 200 https://registry.npmjs.org/fake-pkg-0342 32ms (cache miss)
npm http fetch GET 200 https://registry.npmjs.org/fake-pkg-0343 118ms (cache miss)
npm http fetch GET 200 https://registry.npmjs.org/fake-pkg-0344 224ms (cache miss)
npm http fetch GET 200 https://registry.npmjs.org/fake-pkg-0345 188ms (cache miss)
npm http fetch GET 200 https://registry.npmjs.org/fake-pkg-0346 162ms (cache miss)
npm http fetch GET 200 https://registry.npmjs.org/fake-pkg-0347 55ms (cache miss)
npm http fetch GET 200 https://registry.npmjs.org/fake-pkg-0348 162ms (cache miss)
npm http fetch GET 200 https://registry.npmjs.org/fake-pkg-0349 199ms (cache miss)
npm http fetch GET 200 https://registry.npmjs.org/fake-pkg-0350 280ms (cache miss)
npm http fetch GET 200 https://registry.npmjs.org/fake-pkg-0351 224ms (cache miss)
npm http fetch GET 200 https://registry.npmjs.org/fake-pkg-0352 294ms (cache miss)
npm http fetch GET 200 https://registry.npmjs.org/fake-pkg-0353 189ms (cache miss)
npm http fetch GET 200 https://registry.npmjs.org/fake-pkg-0354 34ms (cache miss)
npm http fetch GET 200 https://registry.npmjs.org/fake-pkg-0355 79ms (cache miss)
npm http fetch GET 200 https://registry.npmjs.org/fake-pkg-0356 153ms (cache miss)
npm http fetch GET 200 https://registry.npmjs.org/fake-pkg-0357 111ms (cache miss)
npm http fetch GET 200 https://registry.npmjs.org/fake-pkg-0358 155ms (cache miss)
npm http fetch GET 200 https://registry.npmjs.org/fake-pkg-0359 39ms (cache miss)
npm http fetch GET 200 https://registry.npmjs.org/fake-pkg-0360 75ms (cache miss)
npm http fetch GET 200 https://registry.npmjs.org/fake-pkg-0361 242ms (cache miss)
npm http fetch GET 200 https://registry.npmjs.org/fake-pkg-0362 196ms (cache miss)
npm http fetch GET 200 https://registry.npmjs.org/fake-pkg-0363 180ms (cache miss)
npm http fetch GET 200 https://registry.npmjs.org/fake-pkg-0364 243ms (cache miss)
npm http fetch GET 200 https://registry.npmjs.org/fake-pkg-0365 281ms (cache miss)
npm http fetch GET 200 https://registry.npmjs.org/fake-pkg-0366 79ms (cache miss)
npm http fetch GET 200 https://registry.npmjs.org/fake-pkg-0367 217ms (cache miss)
npm http fetch GET 200 https://registry.npmjs.org/fake-pkg-0368 117ms (cache miss)
npm http fetch GET 200 https://registry.npmjs.org/fake-pkg-0369 150ms (cache miss)
npm http fetch GET 200 https://registry.npmjs.org/fake-pkg-0370 42ms (cache miss)
npm http fetch GET 200 https://registry.npmjs.org/fake-pkg-0371 243ms (cache miss)
npm http fetch GET 200 https://registry.npmjs.org/fake-pkg-0372 20ms (cache miss)
npm http fetch GET 200 https://registry.npmjs.org/fake-pkg-0373 286ms (cache miss)
npm http fetch GET 200 https://registry.npmjs.org/fake-pkg-0374 295ms (cache miss)
npm http fetch GET 200 https://registry.npmjs.org/fake-pkg-0375 120ms (cache miss)
npm http fetch GET 200 https://registry.npmjs.org/fake-pkg-0376 206ms (cache miss)
npm http fetch GET 200 https://registry.npmjs.org/fake-pkg-0377 240ms (cache miss)
npm http fetch GET 200 https://registry.npmjs.org/fake-pkg-0378 55ms (cache miss)
npm http fetch GET 200 https://registry.npmjs.org/fake-pkg-0379 189ms (cache miss)
npm http fetch GET 200 https://registry.npmjs.org/fake-pkg-0380 180ms (cache miss)
npm http fetch GET 200 https://registry.npmjs.org/fake-pkg-0381 83ms (cache miss)
npm http fetch GET 200 https://registry.npmjs.org/fake-pkg-0382 173ms (cache miss)
npm http fetch GET 200 https://registry.npmjs.org/fake-pkg-0383 279ms (cache miss)
npm http fetch GET 200 https://registry.npmjs.org/fake-pkg-0384 178ms (cache miss)
npm http fetch GET 200 https://registry.npmjs.org/fake-pkg-0385 229ms (cache miss)
npm http fetch GET 200 https://registry.npmjs.org/fake-pkg-0386 187ms (cache miss)
npm http fetch GET 200 https://registry.npmjs.org/fake-pkg-0387 226ms (cache miss)
npm http fetch GET 200 https://registry.npmjs.org/fake-pkg-0388 171ms (cache miss)
npm http fetch GET 200 https://registry.npmjs.org/fake-pkg-0389 85ms (cache miss)
npm http fetch GET 200 https://registry.npmjs.org/fake-pkg-0390 118ms (cache miss)
npm http fetch GET 200 https://registry.npmjs.org/fake-pkg-0391 235ms (cache miss)
npm http fetch GET 200 https://registry.npmjs.org/fake-pkg-0392 214ms (cache miss)
npm http fetch GET 200 https://registry.npmjs.org/fake-pkg-0393 109ms (cache miss)
npm http fetch GET 200 https://registry.npmjs.org/fake-pkg-0394 174ms (cache miss)
npm http fetch GET 200 https://registry.npmjs.org/fake-pkg-0395 227ms (cache miss)
npm http fetch GET 200 https://registry.npmjs.org/fake-pkg-0396 300ms (cache miss)
npm http fetch GET 200 https://registry.npmjs.org/fake-pkg-0397 20ms (cache miss)
npm http fetch GET 200 https://registry.npmjs.org/fake-pkg-0398 175ms (cache miss)
npm http fetch GET 200 https://registry.npmjs.org/fake-pkg-0399 166ms (cache miss)
npm http fetch GET 200 https://registry.npmjs.org/fake-pkg-0400 127ms (cache miss)
npm http fetch GET 200 https://registry.npmjs.org/fake-pkg-0401 240ms (cache miss)
npm http fetch GET 200 https://registry.npmjs.org/fake-pkg-0402 184ms (cache miss)
npm http fetch GET 200 https://registry.npmjs.org/fake-pkg-0403 258ms (cache miss)
npm http fetch GET 200 https://registry.npmjs.org/fake-pkg-0404 246ms (cache miss)
npm http fetch GET 200 https://registry.npmjs.org/fake-pkg-0405 246ms (cache miss)
npm http fetch GET 200 https://registry.npmjs.org/fake-pkg-0406 129ms (cache miss)
npm http fetch GET 200 https://registry.npmjs.org/fake-pkg-0407 281ms (cache miss)
npm http fetch GET 200 https://registry.npmjs.org/fake-pkg-0408 262ms (cache miss)
npm http fetch GET 200 https://registry.npmjs.org/fake-pkg-0409 106ms (cache miss)
npm http fetch GET 200 https://registry.npmjs.org/fake-pkg-0410 63ms (cache miss)
npm http fetch GET 200 https://registry.npmjs.org/fake-pkg-0411 165ms (cache miss)
npm http fetch GET 200 https://registry.npmjs.org/fake-pkg-0412 283ms (cache miss)
npm http fetch GET 200 https://registry.npmjs.org/fake-pkg-0413 191ms (cache miss)
npm http fetch GET 200 https://registry.npmjs.org/fake-pkg-0414 67ms (cache miss)
npm http fetch GET 200 https://registry.npmjs.org/fake-pkg-0415 140ms (cache miss)
npm http fetch GET 200 https://registry.npmjs.org/fake-pkg-0416 178ms (cache miss)
npm http fetch GET 200 https://registry.npmjs.org/fake-pkg-0417 135ms (cache miss)
npm http fetch GET 200 https://registry.npmjs.org/fake-pkg-0418 121ms (cache miss)
npm http fetch GET 200 https://registry.npmjs.org/fake-pkg-0419 95ms (cache miss)
added 412 packages in 21s
[32;1m$ npx eslint . --max-warnings=0[0;m

/builds/platform/invoice-api/web/src/components/InvoiceTable.tsx
   14:7   warning  'formatDate' is assigned a value but never used  @typescript-eslint/no-unused-vars
   41:23  error    React Hook useEffect has a missing dependency: 'customerId'. Either include it or remove the dependency array  react-hooks/exhaustive-deps

/builds/platform/invoice-api/web/src/lib/money.ts
   9:10  error    Unexpected any. Specify a different type  @typescript-eslint/no-explicit-any

X 3 problems (2 errors, 1 warning)

section_end:1759150047:step_script[0K
section_start:1759150047:cleanup_file_variables[0K[0K[36;1mCleaning up project directory and file based variables[0;m[0;m
section_end:1759150048:cleanup_file_variables[0K
[31;1mERROR: Job failed: exit code 1
[0;m
