[0KRunning with gitlab-runner 19.3.1 (5a2c8f3e)[0;m
[0K  on fake-runner-03 Zx81kQe2W, system ID: s_7c1e0d9a2b44[0;m
section_start:1759242200:prepare_executor[0K[0K[36;1mPreparing the "docker" executor[0;m[0;m
[0KUsing Docker executor with image python:3.12-slim ...[0;m
[0KPulling docker image python:3.12-slim ...[0;m
[0KUsing docker image sha256:4c6d1f0e2a for python:3.12-slim with digest python@sha256:8e2a91 ...[0;m
section_end:1759242204:prepare_executor[0K
section_start:1759242204:prepare_script[0K[0K[36;1mPreparing environment[0;m[0;m
Running on runner-zx81kqe2w-project-512-concurrent-0 via fake-runner-03...
section_end:1759242205:prepare_script[0K
section_start:1759242205:get_sources[0K[0K[36;1mGetting source from Git repository[0;m[0;m
[32;1mFetching changes with git depth set to 20...[0;m
Initialized empty Git repository in /builds/platform/invoice-api/.git/
[32;1mCreated fresh repository.[0;m
[32;1mChecking out ae38bb20 as detached HEAD (ref is refs/merge-requests/42/head)...[0;m

[32;1mSkipping Git submodules setup[0;m
section_end:1759242207:get_sources[0K
section_start:1759242207:step_script[0K[0K[36;1mExecuting "step_script" stage of the job script[0;m[0;m
[0KUsing docker image sha256:4c6d1f0e2a for python:3.12-slim with digest python@sha256:8e2a91 ...[0;m
[32;1m$ ./scripts/e2e-smoke.sh[0;m
+ curl -sf -H 'PRIVATE-TOKEN: demo-not-a-real-token-0001' https://gitlab.example-corp.test/api/v4/projects/512/environments?name=review/feature-late-fees
waiting for review app (attempt 1/600)
waiting for review app (attempt 2/600)
waiting for review app (attempt 3/600)
waiting for review app (attempt 4/600)
waiting for review app (attempt 5/600)
waiting for review app (attempt 6/600)
waiting for review app (attempt 7/600)
waiting for review app (attempt 8/600)
waiting for review app (attempt 9/600)
waiting for review app (attempt 10/600)
waiting for review app (attempt 11/600)
waiting for review app (attempt 12/600)
waiting for review app (attempt 13/600)
waiting for review app (attempt 14/600)
waiting for review app (attempt 15/600)
waiting for review app (attempt 16/600)
waiting for review app (attempt 17/600)
waiting for review app (attempt 18/600)
waiting for review app (attempt 19/600)
waiting for review app (attempt 20/600)
waiting for review app (attempt 21/600)
waiting for review app (attempt 22/600)
waiting for review app (attempt 23/600)
waiting for review app (attempt 24/600)
waiting for review app (attempt 25/600)
waiting for review app (attempt 26/600)
waiting for review app (attempt 27/600)
waiting for review app (attempt 28/600)
waiting for review app (attempt 29/600)
waiting for review app (attempt 30/600)
waiting for review app (attempt 31/600)
waiting for review app (attempt 32/600)
waiting for review app (attempt 33/600)
waiting for review app (attempt 34/600)
waiting for review app (attempt 35/600)
waiting for review app (attempt 36/600)
waiting for review app (attempt 37/600)
waiting for review app (attempt 38/600)
waiting for review app (attempt 39/600)
waiting for review app (attempt 40/600)
waiting for review app (attempt 41/600)
waiting for review app (attempt 42/600)
waiting for review app (attempt 43/600)
waiting for review app (attempt 44/600)
waiting for review app (attempt 45/600)
waiting for review app (attempt 46/600)
waiting for review app (attempt 47/600)
waiting for review app (attempt 48/600)
waiting for review app (attempt 49/600)
waiting for review app (attempt 50/600)
waiting for review app (attempt 51/600)
waiting for review app (attempt 52/600)
waiting for review app (attempt 53/600)
waiting for review app (attempt 54/600)
waiting for review app (attempt 55/600)
waiting for review app (attempt 56/600)
waiting for review app (attempt 57/600)
waiting for review app (attempt 58/600)
waiting for review app (attempt 59/600)
waiting for review app (attempt 60/600)
waiting for review app (attempt 61/600)
waiting for review app (attempt 62/600)
waiting for review app (attempt 63/600)
waiting for review app (attempt 64/600)
waiting for review app (attempt 65/600)
waiting for review app (attempt 66/600)
waiting for review app (attempt 67/600)
waiting for review app (attempt 68/600)
waiting for review app (attempt 69/600)
waiting for review app (attempt 70/600)
waiting for review app (attempt 71/600)
waiting for review app (attempt 72/600)
waiting for review app (attempt 73/600)
waiting for review app (attempt 74/600)
waiting for review app (attempt 75/600)
waiting for review app (attempt 76/600)
waiting for review app (attempt 77/600)
waiting for review app (attempt 78/600)
waiting for review app (attempt 79/600)
waiting for review app (attempt 80/600)
waiting for review app (attempt 81/600)
waiting for review app (attempt 82/600)
waiting for review app (attempt 83/600)
waiting for review app (attempt 84/600)
waiting for review app (attempt 85/600)
waiting for review app (attempt 86/600)
waiting for review app (attempt 87/600)
waiting for review app (attempt 88/600)
waiting for review app (attempt 89/600)
waiting for review app (attempt 90/600)
waiting for review app (attempt 91/600)
waiting for review app (attempt 92/600)
waiting for review app (attempt 93/600)
waiting for review app (attempt 94/600)
waiting for review app (attempt 95/600)
waiting for review app (attempt 96/600)
waiting for review app (attempt 97/600)
waiting for review app (attempt 98/600)
waiting for review app (attempt 99/600)
waiting for review app (attempt 100/600)
waiting for review app (attempt 101/600)
waiting for review app (attempt 102/600)
waiting for review app (attempt 103/600)
waiting for review app (attempt 104/600)
waiting for review app (attempt 105/600)
waiting for review app (attempt 106/600)
waiting for review app (attempt 107/600)
waiting for review app (attempt 108/600)
waiting for review app (attempt 109/600)
waiting for review app (attempt 110/600)
waiting for review app (attempt 111/600)
waiting for review app (attempt 112/600)
waiting for review app (attempt 113/600)
waiting for review app (attempt 114/600)
waiting for review app (attempt 115/600)
waiting for review app (attempt 116/600)
waiting for review app (attempt 117/600)
waiting for review app (attempt 118/600)
waiting for review app (attempt 119/600)
waiting for review app (attempt 120/600)
waiting for review app (attempt 121/600)
waiting for review app (attempt 122/600)
waiting for review app (attempt 123/600)
waiting for review app (attempt 124/600)
waiting for review app (attempt 125/600)
waiting for review app (attempt 126/600)
waiting for review app (attempt 127/600)
waiting for review app (attempt 128/600)
waiting for review app (attempt 129/600)
waiting for review app (attempt 130/600)
waiting for review app (attempt 131/600)
waiting for review app (attempt 132/600)
waiting for review app (attempt 133/600)
waiting for review app (attempt 134/600)
waiting for review app (attempt 135/600)
waiting for review app (attempt 136/600)
waiting for review app (attempt 137/600)
waiting for review app (attempt 138/600)
waiting for review app (attempt 139/600)
waiting for review app (attempt 140/600)
waiting for review app (attempt 141/600)
waiting for review app (attempt 142/600)
waiting for review app (attempt 143/600)
waiting for review app (attempt 144/600)
waiting for review app (attempt 145/600)
waiting for review app (attempt 146/600)
waiting for review app (attempt 147/600)
waiting for review app (attempt 148/600)
waiting for review app (attempt 149/600)
waiting for review app (attempt 150/600)
waiting for review app (attempt 151/600)
waiting for review app (attempt 152/600)
waiting for review app (attempt 153/600)
waiting for review app (attempt 154/600)
waiting for review app (attempt 155/600)
waiting for review app (attempt 156/600)
waiting for review app (attempt 157/600)
waiting for review app (attempt 158/600)
waiting for review app (attempt 159/600)
waiting for review app (attempt 160/600)
waiting for review app (attempt 161/600)
waiting for review app (attempt 162/600)
waiting for review app (attempt 163/600)
waiting for review app (attempt 164/600)
waiting for review app (attempt 165/600)
waiting for review app (attempt 166/600)
waiting for review app (attempt 167/600)
waiting for review app (attempt 168/600)
waiting for review app (attempt 169/600)
waiting for review app (attempt 170/600)
waiting for review app (attempt 171/600)
waiting for review app (attempt 172/600)
waiting for review app (attempt 173/600)
waiting for review app (attempt 174/600)
waiting for review app (attempt 175/600)
waiting for review app (attempt 176/600)
waiting for review app (attempt 177/600)
waiting for review app (attempt 178/600)
waiting for review app (attempt 179/600)
waiting for review app (attempt 180/600)
waiting for review app (attempt 181/600)
waiting for review app (attempt 182/600)
waiting for review app (attempt 183/600)
waiting for review app (attempt 184/600)
waiting for review app (attempt 185/600)
waiting for review app (attempt 186/600)
waiting for review app (attempt 187/600)
waiting for review app (attempt 188/600)
waiting for review app (attempt 189/600)
waiting for review app (attempt 190/600)
waiting for review app (attempt 191/600)
waiting for review app (attempt 192/600)
waiting for review app (attempt 193/600)
waiting for review app (attempt 194/600)
waiting for review app (attempt 195/600)
waiting for review app (attempt 196/600)
waiting for review app (attempt 197/600)
waiting for review app (attempt 198/600)
waiting for review app (attempt 199/600)
waiting for review app (attempt 200/600)
waiting for review app (attempt 201/600)
waiting for review app (attempt 202/600)
waiting for review app (attempt 203/600)
waiting for review app (attempt 204/600)
waiting for review app (attempt 205/600)
waiting for review app (attempt 206/600)
waiting for review app (attempt 207/600)
waiting for review app (attempt 208/600)
waiting for review app (attempt 209/600)
waiting for review app (attempt 210/600)
waiting for review app (attempt 211/600)
waiting for review app (attempt 212/600)
waiting for review app (attempt 213/600)
waiting for review app (attempt 214/600)
waiting for review app (attempt 215/600)
waiting for review app (attempt 216/600)
waiting for review app (attempt 217/600)
waiting for review app (attempt 218/600)
waiting for review app (attempt 219/600)
waiting for review app (attempt 220/600)
waiting for review app (attempt 221/600)
waiting for review app (attempt 222/600)
waiting for review app (attempt 223/600)
waiting for review app (attempt 224/600)
waiting for review app (attempt 225/600)
waiting for review app (attempt 226/600)
waiting for review app (attempt 227/600)
waiting for review app (attempt 228/600)
waiting for review app (attempt 229/600)
waiting for review app (attempt 230/600)
waiting for review app (attempt 231/600)
waiting for review app (attempt 232/600)
waiting for review app (attempt 233/600)
waiting for review app (attempt 234/600)
waiting for review app (attempt 235/600)
waiting for review app (attempt 236/600)
waiting for review app (attempt 237/600)
waiting for review app (attempt 238/600)
waiting for review app (attempt 239/600)
waiting for review app (attempt 240/600)
waiting for review app (attempt 241/600)
waiting for review app (attempt 242/600)
waiting for review app (attempt 243/600)
waiting for review app (attempt 244/600)
waiting for review app (attempt 245/600)
waiting for review app (attempt 246/600)
waiting for review app (attempt 247/600)
waiting for review app (attempt 248/600)
waiting for review app (attempt 249/600)
waiting for review app (attempt 250/600)
waiting for review app (attempt 251/600)
waiting for review app (attempt 252/600)
waiting for review app (attempt 253/600)
waiting for review app (attempt 254/600)
waiting for review app (attempt 255/600)
waiting for review app (attempt 256/600)
waiting for review app (attempt 257/600)
waiting for review app (attempt 258/600)
waiting for review app (attempt 259/600)
waiting for review app (attempt 260/600)
waiting for review app (attempt 261/600)
waiting for review app (attempt 262/600)
waiting for review app (attempt 263/600)
waiting for review app (attempt 264/600)
waiting for review app (attempt 265/600)
waiting for review app (attempt 266/600)
waiting for review app (attempt 267/600)
waiting for review app (attempt 268/600)
waiting for review app (attempt 269/600)
waiting for review app (attempt 270/600)
waiting for review app (attempt 271/600)
waiting for review app (attempt 272/600)
waiting for review app (attempt 273/600)
waiting for review app (attempt 274/600)
waiting for review app (attempt 275/600)
waiting for review app (attempt 276/600)
waiting for review app (attempt 277/600)
waiting for review app (attempt 278/600)
waiting for review app (attempt 279/600)
waiting for review app (attempt 280/600)
waiting for review app (attempt 281/600)
waiting for review app (attempt 282/600)
waiting for review app (attempt 283/600)
waiting for review app (attempt 284/600)
waiting for review app (attempt 285/600)
waiting for review app (attempt 286/600)
waiting for review app (attempt 287/600)
waiting for review app (attempt 288/600)
waiting for review app (attempt 289/600)
waiting for review app (attempt 290/600)
waiting for review app (attempt 291/600)
waiting for review app (attempt 292/600)
waiting for review app (attempt 293/600)
waiting for review app (attempt 294/600)
waiting for review app (attempt 295/600)
waiting for review app (attempt 296/600)
waiting for review app (attempt 297/600)
waiting for review app (attempt 298/600)
waiting for review app (attempt 299/600)
waiting for review app (attempt 300/600)
waiting for review app (attempt 301/600)
waiting for review app (attempt 302/600)
waiting for review app (attempt 303/600)
waiting for review app (attempt 304/600)
waiting for review app (attempt 305/600)
waiting for review app (attempt 306/600)
waiting for review app (attempt 307/600)
waiting for review app (attempt 308/600)
waiting for review app (attempt 309/600)
waiting for review app (attempt 310/600)
waiting for review app (attempt 311/600)
waiting for review app (attempt 312/600)
waiting for review app (attempt 313/600)
waiting for review app (attempt 314/600)
waiting for review app (attempt 315/600)
waiting for review app (attempt 316/600)
waiting for review app (attempt 317/600)
waiting for review app (attempt 318/600)
waiting for review app (attempt 319/600)
waiting for review app (attempt 320/600)
waiting for review app (attempt 321/600)
waiting for review app (attempt 322/600)
waiting for review app (attempt 323/600)
waiting for review app (attempt 324/600)
waiting for review app (attempt 325/600)
waiting for review app (attempt 326/600)
waiting for review app (attempt 327/600)
waiting for review app (attempt 328/600)
waiting for review app (attempt 329/600)
waiting for review app (attempt 330/600)
waiting for review app (attempt 331/600)
waiting for review app (attempt 332/600)
waiting for review app (attempt 333/600)
waiting for review app (attempt 334/600)
waiting for review app (attempt 335/600)
waiting for review app (attempt 336/600)
waiting for review app (attempt 337/600)
waiting for review app (attempt 338/600)
waiting for review app (attempt 339/600)
waiting for review app (attempt 340/600)
waiting for review app (attempt 341/600)
waiting for review app (attempt 342/600)
waiting for review app (attempt 343/600)
waiting for review app (attempt 344/600)
waiting for review app (attempt 345/600)
waiting for review app (attempt 346/600)
waiting for review app (attempt 347/600)
waiting for review app (attempt 348/600)
waiting for review app (attempt 349/600)
waiting for review app (attempt 350/600)
waiting for review app (attempt 351/600)
waiting for review app (attempt 352/600)
waiting for review app (attempt 353/600)
waiting for review app (attempt 354/600)
waiting for review app (attempt 355/600)
waiting for review app (attempt 356/600)
waiting for review app (attempt 357/600)
waiting for review app (attempt 358/600)
waiting for review app (attempt 359/600)
waiting for review app (attempt 360/600)
waiting for review app (attempt 361/600)
waiting for review app (attempt 362/600)
waiting for review app (attempt 363/600)
waiting for review app (attempt 364/600)
waiting for review app (attempt 365/600)
waiting for review app (attempt 366/600)
waiting for review app (attempt 367/600)
waiting for review app (attempt 368/600)
waiting for review app (attempt 369/600)
waiting for review app (attempt 370/600)
waiting for review app (attempt 371/600)
waiting for review app (attempt 372/600)
waiting for review app (attempt 373/600)
waiting for review app (attempt 374/600)
waiting for review app (attempt 375/600)
waiting for review app (attempt 376/600)
waiting for review app (attempt 377/600)
waiting for review app (attempt 378/600)
waiting for review app (attempt 379/600)
waiting for review app (attempt 380/600)
waiting for review app (attempt 381/600)
waiting for review app (attempt 382/600)
waiting for review app (attempt 383/600)
waiting for review app (attempt 384/600)
waiting for review app (attempt 385/600)
waiting for review app (attempt 386/600)
waiting for review app (attempt 387/600)
waiting for review app (attempt 388/600)
waiting for review app (attempt 389/600)
waiting for review app (attempt 390/600)
waiting for review app (attempt 391/600)
waiting for review app (attempt 392/600)
waiting for review app (attempt 393/600)
waiting for review app (attempt 394/600)
waiting for review app (attempt 395/600)
waiting for review app (attempt 396/600)
waiting for review app (attempt 397/600)
waiting for review app (attempt 398/600)
waiting for review app (attempt 399/600)
waiting for review app (attempt 400/600)
waiting for review app (attempt 401/600)
waiting for review app (attempt 402/600)
waiting for review app (attempt 403/600)
waiting for review app (attempt 404/600)
waiting for review app (attempt 405/600)
waiting for review app (attempt 406/600)
waiting for review app (attempt 407/600)
waiting for review app (attempt 408/600)
waiting for review app (attempt 409/600)
waiting for review app (attempt 410/600)
waiting for review app (attempt 411/600)
waiting for review app (attempt 412/600)
waiting for review app (attempt 413/600)
waiting for review app (attempt 414/600)
waiting for review app (attempt 415/600)
waiting for review app (attempt 416/600)
waiting for review app (attempt 417/600)
waiting for review app (attempt 418/600)
waiting for review app (attempt 419/600)
waiting for review app (attempt 420/600)
waiting for review app (attempt 421/600)
waiting for review app (attempt 422/600)
waiting for review app (attempt 423/600)
waiting for review app (attempt 424/600)
waiting for review app (attempt 425/600)
waiting for review app (attempt 426/600)
waiting for review app (attempt 427/600)
waiting for review app (attempt 428/600)
waiting for review app (attempt 429/600)
waiting for review app (attempt 430/600)
waiting for review app (attempt 431/600)
waiting for review app (attempt 432/600)
waiting for review app (attempt 433/600)
waiting for review app (attempt 434/600)
waiting for review app (attempt 435/600)
waiting for review app (attempt 436/600)
waiting for review app (attempt 437/600)
waiting for review app (attempt 438/600)
waiting for review app (attempt 439/600)
waiting for review app (attempt 440/600)
waiting for review app (attempt 441/600)
waiting for review app (attempt 442/600)
waiting for review app (attempt 443/600)
waiting for review app (attempt 444/600)
waiting for review app (attempt 445/600)
waiting for review app (attempt 446/600)
waiting for review app (attempt 447/600)
waiting for review app (attempt 448/600)
waiting for review app (attempt 449/600)
waiting for review app (attempt 450/600)
waiting for review app (attempt 451/600)
waiting for review app (attempt 452/600)
waiting for review app (attempt 453/600)
waiting for review app (attempt 454/600)
waiting for review app (attempt 455/600)
waiting for review app (attempt 456/600)
waiting for review app (attempt 457/600)
waiting for review app (attempt 458/600)
waiting for review app (attempt 459/600)
waiting for review app (attempt 460/600)
waiting for review app (attempt 461/600)
waiting for review app (attempt 462/600)
waiting for review app (attempt 463/600)
waiting for review app (attempt 464/600)
waiting for review app (attempt 465/600)
waiting for review app (attempt 466/600)
waiting for review app (attempt 467/600)
waiting for review app (attempt 468/600)
waiting for review app (attempt 469/600)
waiting for review app (attempt 470/600)
waiting for review app (attempt 471/600)
waiting for review app (attempt 472/600)
waiting for review app (attempt 473/600)
waiting for review app (attempt 474/600)
waiting for review app (attempt 475/600)
waiting for review app (attempt 476/600)
waiting for review app (attempt 477/600)
waiting for review app (attempt 478/600)
waiting for review app (attempt 479/600)
waiting for review app (attempt 480/600)
waiting for review app (attempt 481/600)
waiting for review app (attempt 482/600)
waiting for review app (attempt 483/600)
waiting for review app (attempt 484/600)
waiting for review app (attempt 485/600)
waiting for review app (attempt 486/600)
waiting for review app (attempt 487/600)
waiting for review app (attempt 488/600)
waiting for review app (attempt 489/600)
waiting for review app (attempt 490/600)
waiting for review app (attempt 491/600)
waiting for review app (attempt 492/600)
waiting for review app (attempt 493/600)
waiting for review app (attempt 494/600)
waiting for review app (attempt 495/600)
waiting for review app (attempt 496/600)
waiting for review app (attempt 497/600)
waiting for review app (attempt 498/600)
waiting for review app (attempt 499/600)
waiting for review app (attempt 500/600)
waiting for review app (attempt 501/600)
waiting for review app (attempt 502/600)
waiting for review app (attempt 503/600)
waiting for review app (attempt 504/600)
waiting for review app (attempt 505/600)
waiting for review app (attempt 506/600)
waiting for review app (attempt 507/600)
waiting for review app (attempt 508/600)
waiting for review app (attempt 509/600)
waiting for review app (attempt 510/600)
waiting for review app (attempt 511/600)
waiting for review app (attempt 512/600)
waiting for review app (attempt 513/600)
waiting for review app (attempt 514/600)
waiting for review app (attempt 515/600)
waiting for review app (attempt 516/600)
waiting for review app (attempt 517/600)
waiting for review app (attempt 518/600)
waiting for review app (attempt 519/600)
waiting for review app (attempt 520/600)
waiting for review app (attempt 521/600)
waiting for review app (attempt 522/600)
waiting for review app (attempt 523/600)
waiting for review app (attempt 524/600)
waiting for review app (attempt 525/600)
waiting for review app (attempt 526/600)
waiting for review app (attempt 527/600)
waiting for review app (attempt 528/600)
waiting for review app (attempt 529/600)
waiting for review app (attempt 530/600)
waiting for review app (attempt 531/600)
waiting for review app (attempt 532/600)
waiting for review app (attempt 533/600)
waiting for review app (attempt 534/600)
waiting for review app (attempt 535/600)
waiting for review app (attempt 536/600)
waiting for review app (attempt 537/600)
waiting for review app (attempt 538/600)
waiting for review app (attempt 539/600)
waiting for review app (attempt 540/600)
waiting for review app (attempt 541/600)
waiting for review app (attempt 542/600)
waiting for review app (attempt 543/600)
waiting for review app (attempt 544/600)
waiting for review app (attempt 545/600)
waiting for review app (attempt 546/600)
waiting for review app (attempt 547/600)
waiting for review app (attempt 548/600)
waiting for review app (attempt 549/600)
waiting for review app (attempt 550/600)
waiting for review app (attempt 551/600)
waiting for review app (attempt 552/600)
waiting for review app (attempt 553/600)
waiting for review app (attempt 554/600)
waiting for review app (attempt 555/600)
waiting for review app (attempt 556/600)
waiting for review app (attempt 557/600)
waiting for review app (attempt 558/600)
waiting for review app (attempt 559/600)
waiting for review app (attempt 560/600)
waiting for review app (attempt 561/600)
waiting for review app (attempt 562/600)
waiting for review app (attempt 563/600)
waiting for review app (attempt 564/600)
waiting for review app (attempt 565/600)
waiting for review app (attempt 566/600)
waiting for review app (attempt 567/600)
waiting for review app (attempt 568/600)
waiting for review app (attempt 569/600)
waiting for review app (attempt 570/600)
waiting for review app (attempt 571/600)
waiting for review app (attempt 572/600)
waiting for review app (attempt 573/600)
waiting for review app (attempt 574/600)
waiting for review app (attempt 575/600)
waiting for review app (attempt 576/600)
waiting for review app (attempt 577/600)
waiting for review app (attempt 578/600)
waiting for review app (attempt 579/600)
waiting for review app (attempt 580/600)
waiting for review app (attempt 581/600)
waiting for review app (attempt 582/600)
waiting for review app (attempt 583/600)
waiting for review app (attempt 584/600)
waiting for review app (attempt 585/600)
waiting for review app (attempt 586/600)
waiting for review app (attempt 587/600)
waiting for review app (attempt 588/600)
waiting for review app (attempt 589/600)
waiting for review app (attempt 590/600)
waiting for review app (attempt 591/600)
waiting for review app (attempt 592/600)
waiting for review app (attempt 593/600)
waiting for review app (attempt 594/600)
waiting for review app (attempt 595/600)
waiting for review app (attempt 596/600)
waiting for review app (attempt 597/600)
[31;1mERROR: Job failed: execution took longer than 10m0s seconds
[0;m
